Archive member included to satisfy reference by file (symbol)

d:/softwares/gcc-arm-none-eabi-10.3-2021.10-win32/gcc-arm-none-eabi-10.3-2021.10/bin/../lib/gcc/arm-none-eabi/10.3.1/../../../../arm-none-eabi/lib/thumb/v7e-m+fp/hard\libc_nano.a(lib_a-exit.o)
                              d:/softwares/gcc-arm-none-eabi-10.3-2021.10-win32/gcc-arm-none-eabi-10.3-2021.10/bin/../lib/gcc/arm-none-eabi/10.3.1/../../../../arm-none-eabi/lib/thumb/v7e-m+fp/hard/crt0.o (exit)
d:/softwares/gcc-arm-none-eabi-10.3-2021.10-win32/gcc-arm-none-eabi-10.3-2021.10/bin/../lib/gcc/arm-none-eabi/10.3.1/../../../../arm-none-eabi/lib/thumb/v7e-m+fp/hard\libc_nano.a(lib_a-impure.o)
                              d:/softwares/gcc-arm-none-eabi-10.3-2021.10-win32/gcc-arm-none-eabi-10.3-2021.10/bin/../lib/gcc/arm-none-eabi/10.3.1/../../../../arm-none-eabi/lib/thumb/v7e-m+fp/hard\libc_nano.a(lib_a-exit.o) (_global_impure_ptr)
d:/softwares/gcc-arm-none-eabi-10.3-2021.10-win32/gcc-arm-none-eabi-10.3-2021.10/bin/../lib/gcc/arm-none-eabi/10.3.1/../../../../arm-none-eabi/lib/thumb/v7e-m+fp/hard\libc_nano.a(lib_a-init.o)
                              d:/softwares/gcc-arm-none-eabi-10.3-2021.10-win32/gcc-arm-none-eabi-10.3-2021.10/bin/../lib/gcc/arm-none-eabi/10.3.1/../../../../arm-none-eabi/lib/thumb/v7e-m+fp/hard/crt0.o (__libc_init_array)
d:/softwares/gcc-arm-none-eabi-10.3-2021.10-win32/gcc-arm-none-eabi-10.3-2021.10/bin/../lib/gcc/arm-none-eabi/10.3.1/../../../../arm-none-eabi/lib/thumb/v7e-m+fp/hard\libc_nano.a(lib_a-memset.o)
                              d:/softwares/gcc-arm-none-eabi-10.3-2021.10-win32/gcc-arm-none-eabi-10.3-2021.10/bin/../lib/gcc/arm-none-eabi/10.3.1/../../../../arm-none-eabi/lib/thumb/v7e-m+fp/hard/crt0.o (memset)
d:/softwares/gcc-arm-none-eabi-10.3-2021.10-win32/gcc-arm-none-eabi-10.3-2021.10/bin/../lib/gcc/arm-none-eabi/10.3.1/../../../../arm-none-eabi/lib/thumb/v7e-m+fp/hard\libnosys.a(_exit.o)
                              d:/softwares/gcc-arm-none-eabi-10.3-2021.10-win32/gcc-arm-none-eabi-10.3-2021.10/bin/../lib/gcc/arm-none-eabi/10.3.1/../../../../arm-none-eabi/lib/thumb/v7e-m+fp/hard\libc_nano.a(lib_a-exit.o) (_exit)

Discarded input sections

 .text          0x00000000        0x0 d:/softwares/gcc-arm-none-eabi-10.3-2021.10-win32/gcc-arm-none-eabi-10.3-2021.10/bin/../lib/gcc/arm-none-eabi/10.3.1/thumb/v7e-m+fp/hard/crti.o
 .data          0x00000000        0x0 d:/softwares/gcc-arm-none-eabi-10.3-2021.10-win32/gcc-arm-none-eabi-10.3-2021.10/bin/../lib/gcc/arm-none-eabi/10.3.1/thumb/v7e-m+fp/hard/crti.o
 .bss           0x00000000        0x0 d:/softwares/gcc-arm-none-eabi-10.3-2021.10-win32/gcc-arm-none-eabi-10.3-2021.10/bin/../lib/gcc/arm-none-eabi/10.3.1/thumb/v7e-m+fp/hard/crti.o
 .data          0x00000000        0x4 d:/softwares/gcc-arm-none-eabi-10.3-2021.10-win32/gcc-arm-none-eabi-10.3-2021.10/bin/../lib/gcc/arm-none-eabi/10.3.1/thumb/v7e-m+fp/hard/crtbegin.o
 .rodata        0x00000000       0x24 d:/softwares/gcc-arm-none-eabi-10.3-2021.10-win32/gcc-arm-none-eabi-10.3-2021.10/bin/../lib/gcc/arm-none-eabi/10.3.1/thumb/v7e-m+fp/hard/crtbegin.o
 .text          0x00000000       0x7c d:/softwares/gcc-arm-none-eabi-10.3-2021.10-win32/gcc-arm-none-eabi-10.3-2021.10/bin/../lib/gcc/arm-none-eabi/10.3.1/../../../../arm-none-eabi/lib/thumb/v7e-m+fp/hard/crt0.o
 .data          0x00000000        0x0 d:/softwares/gcc-arm-none-eabi-10.3-2021.10-win32/gcc-arm-none-eabi-10.3-2021.10/bin/../lib/gcc/arm-none-eabi/10.3.1/../../../../arm-none-eabi/lib/thumb/v7e-m+fp/hard/crt0.o
 .bss           0x00000000        0x0 d:/softwares/gcc-arm-none-eabi-10.3-2021.10-win32/gcc-arm-none-eabi-10.3-2021.10/bin/../lib/gcc/arm-none-eabi/10.3.1/../../../../arm-none-eabi/lib/thumb/v7e-m+fp/hard/crt0.o
 .ARM.extab     0x00000000        0x0 d:/softwares/gcc-arm-none-eabi-10.3-2021.10-win32/gcc-arm-none-eabi-10.3-2021.10/bin/../lib/gcc/arm-none-eabi/10.3.1/../../../../arm-none-eabi/lib/thumb/v7e-m+fp/hard/crt0.o
 .ARM.exidx     0x00000000       0x10 d:/softwares/gcc-arm-none-eabi-10.3-2021.10-win32/gcc-arm-none-eabi-10.3-2021.10/bin/../lib/gcc/arm-none-eabi/10.3.1/../../../../arm-none-eabi/lib/thumb/v7e-m+fp/hard/crt0.o
 .ARM.attributes
                0x00000000       0x1c d:/softwares/gcc-arm-none-eabi-10.3-2021.10-win32/gcc-arm-none-eabi-10.3-2021.10/bin/../lib/gcc/arm-none-eabi/10.3.1/../../../../arm-none-eabi/lib/thumb/v7e-m+fp/hard/crt0.o
 .group         0x00000000        0xc build/obj/Core/Src/main.o
 .group         0x00000000        0xc build/obj/Core/Src/main.o
 .group         0x00000000        0xc build/obj/Core/Src/main.o
 .group         0x00000000        0xc build/obj/Core/Src/main.o
 .group         0x00000000        0xc build/obj/Core/Src/main.o
 .group         0x00000000        0xc build/obj/Core/Src/main.o
 .group         0x00000000        0xc build/obj/Core/Src/main.o
 .group         0x00000000        0xc build/obj/Core/Src/main.o
 .group         0x00000000        0xc build/obj/Core/Src/main.o
 .group         0x00000000        0xc build/obj/Core/Src/main.o
 .group         0x00000000        0xc build/obj/Core/Src/main.o
 .group         0x00000000        0xc build/obj/Core/Src/main.o
 .group         0x00000000        0xc build/obj/Core/Src/main.o
 .group         0x00000000        0xc build/obj/Core/Src/main.o
 .group         0x00000000        0xc build/obj/Core/Src/main.o
 .group         0x00000000        0xc build/obj/Core/Src/main.o
 .group         0x00000000        0xc build/obj/Core/Src/main.o
 .group         0x00000000        0xc build/obj/Core/Src/main.o
 .group         0x00000000        0xc build/obj/Core/Src/main.o
 .text          0x00000000        0x0 build/obj/Core/Src/main.o
 .data          0x00000000        0x0 build/obj/Core/Src/main.o
 .bss           0x00000000        0x0 build/obj/Core/Src/main.o
 .text.delay_cycles
                0x00000000       0x1c build/obj/Core/Src/main.o
 .group         0x00000000        0xc build/obj/Core/Src/gpio.o
 .group         0x00000000        0xc build/obj/Core/Src/gpio.o
 .group         0x00000000        0xc build/obj/Core/Src/gpio.o
 .group         0x00000000        0xc build/obj/Core/Src/gpio.o
 .group         0x00000000        0xc build/obj/Core/Src/gpio.o
 .group         0x00000000        0xc build/obj/Core/Src/gpio.o
 .group         0x00000000        0xc build/obj/Core/Src/gpio.o
 .group         0x00000000        0xc build/obj/Core/Src/gpio.o
 .group         0x00000000        0xc build/obj/Core/Src/gpio.o
 .group         0x00000000        0xc build/obj/Core/Src/gpio.o
 .group         0x00000000        0xc build/obj/Core/Src/gpio.o
 .group         0x00000000        0xc build/obj/Core/Src/gpio.o
 .group         0x00000000        0xc build/obj/Core/Src/gpio.o
 .group         0x00000000        0xc build/obj/Core/Src/gpio.o
 .group         0x00000000        0xc build/obj/Core/Src/gpio.o
 .group         0x00000000        0xc build/obj/Core/Src/gpio.o
 .group         0x00000000        0xc build/obj/Core/Src/gpio.o
 .text          0x00000000        0x0 build/obj/Core/Src/gpio.o
 .data          0x00000000        0x0 build/obj/Core/Src/gpio.o
 .bss           0x00000000        0x0 build/obj/Core/Src/gpio.o
 .debug_macro   0x00000000      0xa6c build/obj/Core/Src/gpio.o
 .debug_macro   0x00000000       0x22 build/obj/Core/Src/gpio.o
 .debug_macro   0x00000000       0x22 build/obj/Core/Src/gpio.o
 .debug_macro   0x00000000       0x8e build/obj/Core/Src/gpio.o
 .debug_macro   0x00000000       0x51 build/obj/Core/Src/gpio.o
 .debug_macro   0x00000000      0x103 build/obj/Core/Src/gpio.o
 .debug_macro   0x00000000       0x6a build/obj/Core/Src/gpio.o
 .debug_macro   0x00000000      0x1df build/obj/Core/Src/gpio.o
 .debug_macro   0x00000000       0x2e build/obj/Core/Src/gpio.o
 .debug_macro   0x00000000       0x28 build/obj/Core/Src/gpio.o
 .debug_macro   0x00000000       0x1c build/obj/Core/Src/gpio.o
 .debug_macro   0x00000000       0x22 build/obj/Core/Src/gpio.o
 .debug_macro   0x00000000       0xfb build/obj/Core/Src/gpio.o
 .debug_macro   0x00000000     0x1011 build/obj/Core/Src/gpio.o
 .debug_macro   0x00000000      0x11f build/obj/Core/Src/gpio.o
 .debug_macro   0x00000000     0xb881 build/obj/Core/Src/gpio.o
 .debug_macro   0x00000000       0x6d build/obj/Core/Src/gpio.o
 .group         0x00000000        0xc build/obj/Core/Src/i2c.o
 .group         0x00000000        0xc build/obj/Core/Src/i2c.o
 .group         0x00000000        0xc build/obj/Core/Src/i2c.o
 .group         0x00000000        0xc build/obj/Core/Src/i2c.o
 .group         0x00000000        0xc build/obj/Core/Src/i2c.o
 .group         0x00000000        0xc build/obj/Core/Src/i2c.o
 .group         0x00000000        0xc build/obj/Core/Src/i2c.o
 .group         0x00000000        0xc build/obj/Core/Src/i2c.o
 .group         0x00000000        0xc build/obj/Core/Src/i2c.o
 .group         0x00000000        0xc build/obj/Core/Src/i2c.o
 .group         0x00000000        0xc build/obj/Core/Src/i2c.o
 .group         0x00000000        0xc build/obj/Core/Src/i2c.o
 .group         0x00000000        0xc build/obj/Core/Src/i2c.o
 .group         0x00000000        0xc build/obj/Core/Src/i2c.o
 .group         0x00000000        0xc build/obj/Core/Src/i2c.o
 .group         0x00000000        0xc build/obj/Core/Src/i2c.o
 .text          0x00000000        0x0 build/obj/Core/Src/i2c.o
 .data          0x00000000        0x0 build/obj/Core/Src/i2c.o
 .bss           0x00000000        0x0 build/obj/Core/Src/i2c.o
 .text.i2c_init
                0x00000000        0x4 build/obj/Core/Src/i2c.o
 .text.i2c_write_byte
                0x00000000        0x4 build/obj/Core/Src/i2c.o
 .text.i2c_read_byte
                0x00000000        0x4 build/obj/Core/Src/i2c.o
 .debug_info    0x00000000      0x122 build/obj/Core/Src/i2c.o
 .debug_abbrev  0x00000000       0x9d build/obj/Core/Src/i2c.o
 .debug_aranges
                0x00000000       0x30 build/obj/Core/Src/i2c.o
 .debug_ranges  0x00000000       0x20 build/obj/Core/Src/i2c.o
 .debug_macro   0x00000000       0xd8 build/obj/Core/Src/i2c.o
 .debug_macro   0x00000000      0xa6c build/obj/Core/Src/i2c.o
 .debug_macro   0x00000000       0x22 build/obj/Core/Src/i2c.o
 .debug_macro   0x00000000       0x8e build/obj/Core/Src/i2c.o
 .debug_macro   0x00000000       0x51 build/obj/Core/Src/i2c.o
 .debug_macro   0x00000000      0x103 build/obj/Core/Src/i2c.o
 .debug_macro   0x00000000       0x6a build/obj/Core/Src/i2c.o
 .debug_macro   0x00000000      0x1df build/obj/Core/Src/i2c.o
 .debug_macro   0x00000000       0x2e build/obj/Core/Src/i2c.o
 .debug_macro   0x00000000       0x28 build/obj/Core/Src/i2c.o
 .debug_macro   0x00000000       0x1c build/obj/Core/Src/i2c.o
 .debug_macro   0x00000000       0x22 build/obj/Core/Src/i2c.o
 .debug_macro   0x00000000       0xfb build/obj/Core/Src/i2c.o
 .debug_macro   0x00000000     0x1011 build/obj/Core/Src/i2c.o
 .debug_macro   0x00000000      0x11f build/obj/Core/Src/i2c.o
 .debug_macro   0x00000000     0xb881 build/obj/Core/Src/i2c.o
 .debug_macro   0x00000000       0x6d build/obj/Core/Src/i2c.o
 .debug_line    0x00000000      0x363 build/obj/Core/Src/i2c.o
 .debug_str     0x00000000    0x4f699 build/obj/Core/Src/i2c.o
 .comment       0x00000000       0x4a build/obj/Core/Src/i2c.o
 .debug_frame   0x00000000       0x40 build/obj/Core/Src/i2c.o
 .ARM.attributes
                0x00000000       0x34 build/obj/Core/Src/i2c.o
 .group         0x00000000        0xc build/obj/Core/Src/uart.o
 .group         0x00000000        0xc build/obj/Core/Src/uart.o
 .group         0x00000000        0xc build/obj/Core/Src/uart.o
 .group         0x00000000        0xc build/obj/Core/Src/uart.o
 .group         0x00000000        0xc build/obj/Core/Src/uart.o
 .group         0x00000000        0xc build/obj/Core/Src/uart.o
 .group         0x00000000        0xc build/obj/Core/Src/uart.o
 .group         0x00000000        0xc build/obj/Core/Src/uart.o
 .group         0x00000000        0xc build/obj/Core/Src/uart.o
 .group         0x00000000        0xc build/obj/Core/Src/uart.o
 .group         0x00000000        0xc build/obj/Core/Src/uart.o
 .group         0x00000000        0xc build/obj/Core/Src/uart.o
 .group         0x00000000        0xc build/obj/Core/Src/uart.o
 .group         0x00000000        0xc build/obj/Core/Src/uart.o
 .group         0x00000000        0xc build/obj/Core/Src/uart.o
 .group         0x00000000        0xc build/obj/Core/Src/uart.o
 .group         0x00000000        0xc build/obj/Core/Src/uart.o
 .text          0x00000000        0x0 build/obj/Core/Src/uart.o
 .data          0x00000000        0x0 build/obj/Core/Src/uart.o
 .bss           0x00000000        0x0 build/obj/Core/Src/uart.o
 .text.uart1_enable
                0x00000000       0x10 build/obj/Core/Src/uart.o
 .text.uart1_disable
                0x00000000       0x24 build/obj/Core/Src/uart.o
 .text.uart1_set_baud_rate
                0x00000000       0x34 build/obj/Core/Src/uart.o
 .text.uart1_write_string
                0x00000000       0x18 build/obj/Core/Src/uart.o
 .text.uart1_tx_busy
                0x00000000       0x30 build/obj/Core/Src/uart.o
 .debug_macro   0x00000000      0xa6c build/obj/Core/Src/uart.o
 .debug_macro   0x00000000      0x174 build/obj/Core/Src/uart.o
 .debug_macro   0x00000000       0x22 build/obj/Core/Src/uart.o
 .debug_macro   0x00000000       0x8e build/obj/Core/Src/uart.o
 .debug_macro   0x00000000       0x51 build/obj/Core/Src/uart.o
 .debug_macro   0x00000000      0x103 build/obj/Core/Src/uart.o
 .debug_macro   0x00000000       0x6a build/obj/Core/Src/uart.o
 .debug_macro   0x00000000      0x1df build/obj/Core/Src/uart.o
 .debug_macro   0x00000000       0x2e build/obj/Core/Src/uart.o
 .debug_macro   0x00000000       0x28 build/obj/Core/Src/uart.o
 .debug_macro   0x00000000       0x1c build/obj/Core/Src/uart.o
 .debug_macro   0x00000000       0x22 build/obj/Core/Src/uart.o
 .debug_macro   0x00000000       0xfb build/obj/Core/Src/uart.o
 .debug_macro   0x00000000     0x1011 build/obj/Core/Src/uart.o
 .debug_macro   0x00000000      0x11f build/obj/Core/Src/uart.o
 .debug_macro   0x00000000     0xb881 build/obj/Core/Src/uart.o
 .debug_macro   0x00000000       0x6d build/obj/Core/Src/uart.o
 .group         0x00000000        0xc build/obj/Core/Src/spi.o
 .group         0x00000000        0xc build/obj/Core/Src/spi.o
 .group         0x00000000        0xc build/obj/Core/Src/spi.o
 .group         0x00000000        0xc build/obj/Core/Src/spi.o
 .group         0x00000000        0xc build/obj/Core/Src/spi.o
 .group         0x00000000        0xc build/obj/Core/Src/spi.o
 .group         0x00000000        0xc build/obj/Core/Src/spi.o
 .group         0x00000000        0xc build/obj/Core/Src/spi.o
 .group         0x00000000        0xc build/obj/Core/Src/spi.o
 .group         0x00000000        0xc build/obj/Core/Src/spi.o
 .group         0x00000000        0xc build/obj/Core/Src/spi.o
 .group         0x00000000        0xc build/obj/Core/Src/spi.o
 .group         0x00000000        0xc build/obj/Core/Src/spi.o
 .group         0x00000000        0xc build/obj/Core/Src/spi.o
 .group         0x00000000        0xc build/obj/Core/Src/spi.o
 .group         0x00000000        0xc build/obj/Core/Src/spi.o
 .text          0x00000000        0x0 build/obj/Core/Src/spi.o
 .data          0x00000000        0x0 build/obj/Core/Src/spi.o
 .bss           0x00000000        0x0 build/obj/Core/Src/spi.o
 .text.spi_init
                0x00000000        0x4 build/obj/Core/Src/spi.o
 .text.spi_write_byte
                0x00000000        0x4 build/obj/Core/Src/spi.o
 .text.spi_write_block
                0x00000000        0x4 build/obj/Core/Src/spi.o
 .debug_info    0x00000000      0x115 build/obj/Core/Src/spi.o
 .debug_abbrev  0x00000000       0x93 build/obj/Core/Src/spi.o
 .debug_aranges
                0x00000000       0x30 build/obj/Core/Src/spi.o
 .debug_ranges  0x00000000       0x20 build/obj/Core/Src/spi.o
 .debug_macro   0x00000000       0xd8 build/obj/Core/Src/spi.o
 .debug_macro   0x00000000      0xa6c build/obj/Core/Src/spi.o
 .debug_macro   0x00000000       0x22 build/obj/Core/Src/spi.o
 .debug_macro   0x00000000       0x8e build/obj/Core/Src/spi.o
 .debug_macro   0x00000000       0x51 build/obj/Core/Src/spi.o
 .debug_macro   0x00000000      0x103 build/obj/Core/Src/spi.o
 .debug_macro   0x00000000       0x6a build/obj/Core/Src/spi.o
 .debug_macro   0x00000000      0x1df build/obj/Core/Src/spi.o
 .debug_macro   0x00000000       0x2e build/obj/Core/Src/spi.o
 .debug_macro   0x00000000       0x28 build/obj/Core/Src/spi.o
 .debug_macro   0x00000000       0x1c build/obj/Core/Src/spi.o
 .debug_macro   0x00000000       0x22 build/obj/Core/Src/spi.o
 .debug_macro   0x00000000       0xfb build/obj/Core/Src/spi.o
 .debug_macro   0x00000000     0x1011 build/obj/Core/Src/spi.o
 .debug_macro   0x00000000      0x11f build/obj/Core/Src/spi.o
 .debug_macro   0x00000000     0xb881 build/obj/Core/Src/spi.o
 .debug_macro   0x00000000       0x6d build/obj/Core/Src/spi.o
 .debug_line    0x00000000      0x35e build/obj/Core/Src/spi.o
 .debug_str     0x00000000    0x4f6ab build/obj/Core/Src/spi.o
 .comment       0x00000000       0x4a build/obj/Core/Src/spi.o
 .debug_frame   0x00000000       0x40 build/obj/Core/Src/spi.o
 .ARM.attributes
                0x00000000       0x34 build/obj/Core/Src/spi.o
 .group         0x00000000        0xc build/obj/Core/Src/system_stm32f4xx.o
 .group         0x00000000        0xc build/obj/Core/Src/system_stm32f4xx.o
 .group         0x00000000        0xc build/obj/Core/Src/system_stm32f4xx.o
 .group         0x00000000        0xc build/obj/Core/Src/system_stm32f4xx.o
 .group         0x00000000        0xc build/obj/Core/Src/system_stm32f4xx.o
 .group         0x00000000        0xc build/obj/Core/Src/system_stm32f4xx.o
 .group         0x00000000        0xc build/obj/Core/Src/system_stm32f4xx.o
 .group         0x00000000        0xc build/obj/Core/Src/system_stm32f4xx.o
 .group         0x00000000        0xc build/obj/Core/Src/system_stm32f4xx.o
 .group         0x00000000        0xc build/obj/Core/Src/system_stm32f4xx.o
 .group         0x00000000        0xc build/obj/Core/Src/system_stm32f4xx.o
 .group         0x00000000        0xc build/obj/Core/Src/system_stm32f4xx.o
 .group         0x00000000        0xc build/obj/Core/Src/system_stm32f4xx.o
 .group         0x00000000        0xc build/obj/Core/Src/system_stm32f4xx.o
 .group         0x00000000        0xc build/obj/Core/Src/system_stm32f4xx.o
 .group         0x00000000        0xc build/obj/Core/Src/system_stm32f4xx.o
 .text          0x00000000        0x0 build/obj/Core/Src/system_stm32f4xx.o
 .data          0x00000000        0x0 build/obj/Core/Src/system_stm32f4xx.o
 .bss           0x00000000        0x0 build/obj/Core/Src/system_stm32f4xx.o
 .text.SystemCoreClockUpdate
                0x00000000       0x70 build/obj/Core/Src/system_stm32f4xx.o
 .rodata.AHBPrescTable
                0x00000000       0x10 build/obj/Core/Src/system_stm32f4xx.o
 .rodata.APBPrescTable
                0x00000000        0x8 build/obj/Core/Src/system_stm32f4xx.o
 .debug_macro   0x00000000      0xa6c build/obj/Core/Src/system_stm32f4xx.o
 .debug_macro   0x00000000       0x2e build/obj/Core/Src/system_stm32f4xx.o
 .debug_macro   0x00000000       0x28 build/obj/Core/Src/system_stm32f4xx.o
 .debug_macro   0x00000000       0x22 build/obj/Core/Src/system_stm32f4xx.o
 .debug_macro   0x00000000       0x8e build/obj/Core/Src/system_stm32f4xx.o
 .debug_macro   0x00000000       0x51 build/obj/Core/Src/system_stm32f4xx.o
 .debug_macro   0x00000000      0x103 build/obj/Core/Src/system_stm32f4xx.o
 .debug_macro   0x00000000       0x6a build/obj/Core/Src/system_stm32f4xx.o
 .debug_macro   0x00000000      0x1df build/obj/Core/Src/system_stm32f4xx.o
 .debug_macro   0x00000000       0x1c build/obj/Core/Src/system_stm32f4xx.o
 .debug_macro   0x00000000       0x22 build/obj/Core/Src/system_stm32f4xx.o
 .debug_macro   0x00000000       0xfb build/obj/Core/Src/system_stm32f4xx.o
 .debug_macro   0x00000000     0x1011 build/obj/Core/Src/system_stm32f4xx.o
 .debug_macro   0x00000000      0x11f build/obj/Core/Src/system_stm32f4xx.o
 .debug_macro   0x00000000     0xb881 build/obj/Core/Src/system_stm32f4xx.o
 .debug_macro   0x00000000       0x6d build/obj/Core/Src/system_stm32f4xx.o
 .text          0x00000000       0x14 build/obj/Core/Src/startup_stm32f401xc.o
 .data          0x00000000        0x0 build/obj/Core/Src/startup_stm32f401xc.o
 .bss           0x00000000        0x0 build/obj/Core/Src/startup_stm32f401xc.o
 .text          0x00000000        0x0 d:/softwares/gcc-arm-none-eabi-10.3-2021.10-win32/gcc-arm-none-eabi-10.3-2021.10/bin/../lib/gcc/arm-none-eabi/10.3.1/../../../../arm-none-eabi/lib/thumb/v7e-m+fp/hard\libc_nano.a(lib_a-exit.o)
 .data          0x00000000        0x0 d:/softwares/gcc-arm-none-eabi-10.3-2021.10-win32/gcc-arm-none-eabi-10.3-2021.10/bin/../lib/gcc/arm-none-eabi/10.3.1/../../../../arm-none-eabi/lib/thumb/v7e-m+fp/hard\libc_nano.a(lib_a-exit.o)
 .bss           0x00000000        0x0 d:/softwares/gcc-arm-none-eabi-10.3-2021.10-win32/gcc-arm-none-eabi-10.3-2021.10/bin/../lib/gcc/arm-none-eabi/10.3.1/../../../../arm-none-eabi/lib/thumb/v7e-m+fp/hard\libc_nano.a(lib_a-exit.o)
 .text.exit     0x00000000       0x28 d:/softwares/gcc-arm-none-eabi-10.3-2021.10-win32/gcc-arm-none-eabi-10.3-2021.10/bin/../lib/gcc/arm-none-eabi/10.3.1/../../../../arm-none-eabi/lib/thumb/v7e-m+fp/hard\libc_nano.a(lib_a-exit.o)
 .debug_frame   0x00000000       0x28 d:/softwares/gcc-arm-none-eabi-10.3-2021.10-win32/gcc-arm-none-eabi-10.3-2021.10/bin/../lib/gcc/arm-none-eabi/10.3.1/../../../../arm-none-eabi/lib/thumb/v7e-m+fp/hard\libc_nano.a(lib_a-exit.o)
 .ARM.attributes
                0x00000000       0x34 d:/softwares/gcc-arm-none-eabi-10.3-2021.10-win32/gcc-arm-none-eabi-10.3-2021.10/bin/../lib/gcc/arm-none-eabi/10.3.1/../../../../arm-none-eabi/lib/thumb/v7e-m+fp/hard\libc_nano.a(lib_a-exit.o)
 .text          0x00000000        0x0 d:/softwares/gcc-arm-none-eabi-10.3-2021.10-win32/gcc-arm-none-eabi-10.3-2021.10/bin/../lib/gcc/arm-none-eabi/10.3.1/../../../../arm-none-eabi/lib/thumb/v7e-m+fp/hard\libc_nano.a(lib_a-impure.o)
 .data          0x00000000        0x0 d:/softwares/gcc-arm-none-eabi-10.3-2021.10-win32/gcc-arm-none-eabi-10.3-2021.10/bin/../lib/gcc/arm-none-eabi/10.3.1/../../../../arm-none-eabi/lib/thumb/v7e-m+fp/hard\libc_nano.a(lib_a-impure.o)
 .bss           0x00000000        0x0 d:/softwares/gcc-arm-none-eabi-10.3-2021.10-win32/gcc-arm-none-eabi-10.3-2021.10/bin/../lib/gcc/arm-none-eabi/10.3.1/../../../../arm-none-eabi/lib/thumb/v7e-m+fp/hard\libc_nano.a(lib_a-impure.o)
 .data._impure_ptr
                0x00000000        0x4 d:/softwares/gcc-arm-none-eabi-10.3-2021.10-win32/gcc-arm-none-eabi-10.3-2021.10/bin/../lib/gcc/arm-none-eabi/10.3.1/../../../../arm-none-eabi/lib/thumb/v7e-m+fp/hard\libc_nano.a(lib_a-impure.o)
 .data.impure_data
                0x00000000       0x60 d:/softwares/gcc-arm-none-eabi-10.3-2021.10-win32/gcc-arm-none-eabi-10.3-2021.10/bin/../lib/gcc/arm-none-eabi/10.3.1/../../../../arm-none-eabi/lib/thumb/v7e-m+fp/hard\libc_nano.a(lib_a-impure.o)
 .rodata._global_impure_ptr
                0x00000000        0x4 d:/softwares/gcc-arm-none-eabi-10.3-2021.10-win32/gcc-arm-none-eabi-10.3-2021.10/bin/../lib/gcc/arm-none-eabi/10.3.1/../../../../arm-none-eabi/lib/thumb/v7e-m+fp/hard\libc_nano.a(lib_a-impure.o)
 .ARM.attributes
                0x00000000       0x34 d:/softwares/gcc-arm-none-eabi-10.3-2021.10-win32/gcc-arm-none-eabi-10.3-2021.10/bin/../lib/gcc/arm-none-eabi/10.3.1/../../../../arm-none-eabi/lib/thumb/v7e-m+fp/hard\libc_nano.a(lib_a-impure.o)
 .text          0x00000000        0x0 d:/softwares/gcc-arm-none-eabi-10.3-2021.10-win32/gcc-arm-none-eabi-10.3-2021.10/bin/../lib/gcc/arm-none-eabi/10.3.1/../../../../arm-none-eabi/lib/thumb/v7e-m+fp/hard\libc_nano.a(lib_a-init.o)
 .data          0x00000000        0x0 d:/softwares/gcc-arm-none-eabi-10.3-2021.10-win32/gcc-arm-none-eabi-10.3-2021.10/bin/../lib/gcc/arm-none-eabi/10.3.1/../../../../arm-none-eabi/lib/thumb/v7e-m+fp/hard\libc_nano.a(lib_a-init.o)
 .bss           0x00000000        0x0 d:/softwares/gcc-arm-none-eabi-10.3-2021.10-win32/gcc-arm-none-eabi-10.3-2021.10/bin/../lib/gcc/arm-none-eabi/10.3.1/../../../../arm-none-eabi/lib/thumb/v7e-m+fp/hard\libc_nano.a(lib_a-init.o)
 .text          0x00000000        0x0 d:/softwares/gcc-arm-none-eabi-10.3-2021.10-win32/gcc-arm-none-eabi-10.3-2021.10/bin/../lib/gcc/arm-none-eabi/10.3.1/../../../../arm-none-eabi/lib/thumb/v7e-m+fp/hard\libc_nano.a(lib_a-memset.o)
 .data          0x00000000        0x0 d:/softwares/gcc-arm-none-eabi-10.3-2021.10-win32/gcc-arm-none-eabi-10.3-2021.10/bin/../lib/gcc/arm-none-eabi/10.3.1/../../../../arm-none-eabi/lib/thumb/v7e-m+fp/hard\libc_nano.a(lib_a-memset.o)
 .bss           0x00000000        0x0 d:/softwares/gcc-arm-none-eabi-10.3-2021.10-win32/gcc-arm-none-eabi-10.3-2021.10/bin/../lib/gcc/arm-none-eabi/10.3.1/../../../../arm-none-eabi/lib/thumb/v7e-m+fp/hard\libc_nano.a(lib_a-memset.o)
 .text.memset   0x00000000       0x10 d:/softwares/gcc-arm-none-eabi-10.3-2021.10-win32/gcc-arm-none-eabi-10.3-2021.10/bin/../lib/gcc/arm-none-eabi/10.3.1/../../../../arm-none-eabi/lib/thumb/v7e-m+fp/hard\libc_nano.a(lib_a-memset.o)
 .debug_frame   0x00000000       0x20 d:/softwares/gcc-arm-none-eabi-10.3-2021.10-win32/gcc-arm-none-eabi-10.3-2021.10/bin/../lib/gcc/arm-none-eabi/10.3.1/../../../../arm-none-eabi/lib/thumb/v7e-m+fp/hard\libc_nano.a(lib_a-memset.o)
 .ARM.attributes
                0x00000000       0x34 d:/softwares/gcc-arm-none-eabi-10.3-2021.10-win32/gcc-arm-none-eabi-10.3-2021.10/bin/../lib/gcc/arm-none-eabi/10.3.1/../../../../arm-none-eabi/lib/thumb/v7e-m+fp/hard\libc_nano.a(lib_a-memset.o)
 .text          0x00000000        0x0 d:/softwares/gcc-arm-none-eabi-10.3-2021.10-win32/gcc-arm-none-eabi-10.3-2021.10/bin/../lib/gcc/arm-none-eabi/10.3.1/../../../../arm-none-eabi/lib/thumb/v7e-m+fp/hard\libnosys.a(_exit.o)
 .data          0x00000000        0x0 d:/softwares/gcc-arm-none-eabi-10.3-2021.10-win32/gcc-arm-none-eabi-10.3-2021.10/bin/../lib/gcc/arm-none-eabi/10.3.1/../../../../arm-none-eabi/lib/thumb/v7e-m+fp/hard\libnosys.a(_exit.o)
 .bss           0x00000000        0x0 d:/softwares/gcc-arm-none-eabi-10.3-2021.10-win32/gcc-arm-none-eabi-10.3-2021.10/bin/../lib/gcc/arm-none-eabi/10.3.1/../../../../arm-none-eabi/lib/thumb/v7e-m+fp/hard\libnosys.a(_exit.o)
 .text._exit    0x00000000        0x4 d:/softwares/gcc-arm-none-eabi-10.3-2021.10-win32/gcc-arm-none-eabi-10.3-2021.10/bin/../lib/gcc/arm-none-eabi/10.3.1/../../../../arm-none-eabi/lib/thumb/v7e-m+fp/hard\libnosys.a(_exit.o)
 .debug_frame   0x00000000       0x20 d:/softwares/gcc-arm-none-eabi-10.3-2021.10-win32/gcc-arm-none-eabi-10.3-2021.10/bin/../lib/gcc/arm-none-eabi/10.3.1/../../../../arm-none-eabi/lib/thumb/v7e-m+fp/hard\libnosys.a(_exit.o)
 .ARM.attributes
                0x00000000       0x34 d:/softwares/gcc-arm-none-eabi-10.3-2021.10-win32/gcc-arm-none-eabi-10.3-2021.10/bin/../lib/gcc/arm-none-eabi/10.3.1/../../../../arm-none-eabi/lib/thumb/v7e-m+fp/hard\libnosys.a(_exit.o)
 .text          0x00000000        0x0 d:/softwares/gcc-arm-none-eabi-10.3-2021.10-win32/gcc-arm-none-eabi-10.3-2021.10/bin/../lib/gcc/arm-none-eabi/10.3.1/thumb/v7e-m+fp/hard/crtend.o
 .data          0x00000000        0x0 d:/softwares/gcc-arm-none-eabi-10.3-2021.10-win32/gcc-arm-none-eabi-10.3-2021.10/bin/../lib/gcc/arm-none-eabi/10.3.1/thumb/v7e-m+fp/hard/crtend.o
 .bss           0x00000000        0x0 d:/softwares/gcc-arm-none-eabi-10.3-2021.10-win32/gcc-arm-none-eabi-10.3-2021.10/bin/../lib/gcc/arm-none-eabi/10.3.1/thumb/v7e-m+fp/hard/crtend.o
 .rodata        0x00000000       0x24 d:/softwares/gcc-arm-none-eabi-10.3-2021.10-win32/gcc-arm-none-eabi-10.3-2021.10/bin/../lib/gcc/arm-none-eabi/10.3.1/thumb/v7e-m+fp/hard/crtend.o
 .eh_frame      0x00000000        0x4 d:/softwares/gcc-arm-none-eabi-10.3-2021.10-win32/gcc-arm-none-eabi-10.3-2021.10/bin/../lib/gcc/arm-none-eabi/10.3.1/thumb/v7e-m+fp/hard/crtend.o
 .ARM.attributes
                0x00000000       0x34 d:/softwares/gcc-arm-none-eabi-10.3-2021.10-win32/gcc-arm-none-eabi-10.3-2021.10/bin/../lib/gcc/arm-none-eabi/10.3.1/thumb/v7e-m+fp/hard/crtend.o
 .text          0x00000000        0x0 d:/softwares/gcc-arm-none-eabi-10.3-2021.10-win32/gcc-arm-none-eabi-10.3-2021.10/bin/../lib/gcc/arm-none-eabi/10.3.1/thumb/v7e-m+fp/hard/crtn.o
 .data          0x00000000        0x0 d:/softwares/gcc-arm-none-eabi-10.3-2021.10-win32/gcc-arm-none-eabi-10.3-2021.10/bin/../lib/gcc/arm-none-eabi/10.3.1/thumb/v7e-m+fp/hard/crtn.o
 .bss           0x00000000        0x0 d:/softwares/gcc-arm-none-eabi-10.3-2021.10-win32/gcc-arm-none-eabi-10.3-2021.10/bin/../lib/gcc/arm-none-eabi/10.3.1/thumb/v7e-m+fp/hard/crtn.o

Memory Configuration

Name             Origin             Length             Attributes
RAM              0x20000000         0x00010000         xrw
FLASH            0x08000000         0x00040000         xr
*default*        0x00000000         0xffffffff

Linker script and memory map

LOAD d:/softwares/gcc-arm-none-eabi-10.3-2021.10-win32/gcc-arm-none-eabi-10.3-2021.10/bin/../lib/gcc/arm-none-eabi/10.3.1/thumb/v7e-m+fp/hard/crti.o
LOAD d:/softwares/gcc-arm-none-eabi-10.3-2021.10-win32/gcc-arm-none-eabi-10.3-2021.10/bin/../lib/gcc/arm-none-eabi/10.3.1/thumb/v7e-m+fp/hard/crtbegin.o
LOAD d:/softwares/gcc-arm-none-eabi-10.3-2021.10-win32/gcc-arm-none-eabi-10.3-2021.10/bin/../lib/gcc/arm-none-eabi/10.3.1/../../../../arm-none-eabi/lib/thumb/v7e-m+fp/hard/crt0.o
LOAD build/obj/Core/Src/main.o
LOAD build/obj/Core/Src/gpio.o
LOAD build/obj/Core/Src/i2c.o
LOAD build/obj/Core/Src/uart.o
LOAD build/obj/Core/Src/spi.o
LOAD build/obj/Core/Src/system_stm32f4xx.o
LOAD build/obj/Core/Src/startup_stm32f401xc.o
START GROUP
LOAD d:/softwares/gcc-arm-none-eabi-10.3-2021.10-win32/gcc-arm-none-eabi-10.3-2021.10/bin/../lib/gcc/arm-none-eabi/10.3.1/thumb/v7e-m+fp/hard\libgcc.a
LOAD d:/softwares/gcc-arm-none-eabi-10.3-2021.10-win32/gcc-arm-none-eabi-10.3-2021.10/bin/../lib/gcc/arm-none-eabi/10.3.1/../../../../arm-none-eabi/lib/thumb/v7e-m+fp/hard\libc_nano.a
END GROUP
START GROUP
LOAD d:/softwares/gcc-arm-none-eabi-10.3-2021.10-win32/gcc-arm-none-eabi-10.3-2021.10/bin/../lib/gcc/arm-none-eabi/10.3.1/thumb/v7e-m+fp/hard\libgcc.a
LOAD d:/softwares/gcc-arm-none-eabi-10.3-2021.10-win32/gcc-arm-none-eabi-10.3-2021.10/bin/../lib/gcc/arm-none-eabi/10.3.1/../../../../arm-none-eabi/lib/thumb/v7e-m+fp/hard\libc_nano.a
LOAD d:/softwares/gcc-arm-none-eabi-10.3-2021.10-win32/gcc-arm-none-eabi-10.3-2021.10/bin/../lib/gcc/arm-none-eabi/10.3.1/../../../../arm-none-eabi/lib/thumb/v7e-m+fp/hard\libnosys.a
END GROUP
START GROUP
LOAD d:/softwares/gcc-arm-none-eabi-10.3-2021.10-win32/gcc-arm-none-eabi-10.3-2021.10/bin/../lib/gcc/arm-none-eabi/10.3.1/thumb/v7e-m+fp/hard\libgcc.a
LOAD d:/softwares/gcc-arm-none-eabi-10.3-2021.10-win32/gcc-arm-none-eabi-10.3-2021.10/bin/../lib/gcc/arm-none-eabi/10.3.1/../../../../arm-none-eabi/lib/thumb/v7e-m+fp/hard\libc_nano.a
LOAD d:/softwares/gcc-arm-none-eabi-10.3-2021.10-win32/gcc-arm-none-eabi-10.3-2021.10/bin/../lib/gcc/arm-none-eabi/10.3.1/../../../../arm-none-eabi/lib/thumb/v7e-m+fp/hard\libnosys.a
END GROUP
LOAD d:/softwares/gcc-arm-none-eabi-10.3-2021.10-win32/gcc-arm-none-eabi-10.3-2021.10/bin/../lib/gcc/arm-none-eabi/10.3.1/thumb/v7e-m+fp/hard/crtend.o
LOAD d:/softwares/gcc-arm-none-eabi-10.3-2021.10-win32/gcc-arm-none-eabi-10.3-2021.10/bin/../lib/gcc/arm-none-eabi/10.3.1/thumb/v7e-m+fp/hard/crtn.o
                0x20010000                _estack = (ORIGIN (RAM) + LENGTH (RAM))
                0x2000fc00                _sstack = (_estack - _Min_Stack_Size)
                0x00000200                _Min_Heap_Size = 0x200
                0x00000400                _Min_Stack_Size = 0x400

.isr_vector     0x08000000      0x194
                0x08000000                . = ALIGN (0x4)
 *(.isr_vector)
 .isr_vector    0x08000000      0x194 build/obj/Core/Src/startup_stm32f401xc.o
                0x08000000                g_pfnVectors
                0x08000194                . = ALIGN (0x4)

.text           0x08000194      0x488
                0x08000194                . = ALIGN (0x4)
 *(.text)
 .text          0x08000194       0x40 d:/softwares/gcc-arm-none-eabi-10.3-2021.10-win32/gcc-arm-none-eabi-10.3-2021.10/bin/../lib/gcc/arm-none-eabi/10.3.1/thumb/v7e-m+fp/hard/crtbegin.o
 *(.text*)
 .text.startup.main
                0x080001d4       0x78 build/obj/Core/Src/main.o
                0x080001d4                main
 .text.gpio_enable_clock
                0x0800024c       0x98 build/obj/Core/Src/gpio.o
                0x0800024c                gpio_enable_clock
 .text.gpio_config_output
                0x080002e4       0x48 build/obj/Core/Src/gpio.o
                0x080002e4                gpio_config_output
 .text.gpio_write
                0x0800032c       0x10 build/obj/Core/Src/gpio.o
                0x0800032c                gpio_write
 .text.gpio_toggle
                0x0800033c       0x10 build/obj/Core/Src/gpio.o
                0x0800033c                gpio_toggle
 .text.uart1_init
                0x0800034c       0xe8 build/obj/Core/Src/uart.o
                0x0800034c                uart1_init
 .text.uart1_write
                0x08000434       0x68 build/obj/Core/Src/uart.o
                0x08000434                uart1_write
 .text.uart1_write_blocking.part.0
                0x0800049c       0x40 build/obj/Core/Src/uart.o
 .text.uart1_write_blocking
                0x080004dc        0x8 build/obj/Core/Src/uart.o
                0x080004dc                uart1_write_blocking
 .text.USART1_IRQHandler
                0x080004e4       0x70 build/obj/Core/Src/uart.o
                0x080004e4                USART1_IRQHandler
 .text.SystemInit
                0x08000554       0x14 build/obj/Core/Src/system_stm32f4xx.o
                0x08000554                SystemInit
 .text.Reset_Handler
                0x08000568       0x50 build/obj/Core/Src/startup_stm32f401xc.o
                0x08000568                Reset_Handler
 .text.Default_Handler
                0x080005b8        0x2 build/obj/Core/Src/startup_stm32f401xc.o
                0x080005b8                RTC_Alarm_IRQHandler
                0x080005b8                EXTI2_IRQHandler
                0x080005b8                DebugMon_Handler
                0x080005b8                SPI4_IRQHandler
                0x080005b8                TIM1_CC_IRQHandler
                0x080005b8                DMA2_Stream5_IRQHandler
                0x080005b8                HardFault_Handler
                0x080005b8                DMA1_Stream5_IRQHandler
                0x080005b8                SysTick_Handler
                0x080005b8                PVD_IRQHandler
                0x080005b8                SDIO_IRQHandler
                0x080005b8                TAMP_STAMP_IRQHandler
                0x080005b8                PendSV_Handler
                0x080005b8                NMI_Handler
                0x080005b8                EXTI3_IRQHandler
                0x080005b8                TIM1_UP_TIM10_IRQHandler
                0x080005b8                I2C3_ER_IRQHandler
                0x080005b8                EXTI0_IRQHandler
                0x080005b8                I2C2_EV_IRQHandler
                0x080005b8                DMA1_Stream2_IRQHandler
                0x080005b8                FPU_IRQHandler
                0x080005b8                UsageFault_Handler
                0x080005b8                DMA2_Stream2_IRQHandler
                0x080005b8                SPI1_IRQHandler
                0x080005b8                TIM1_BRK_TIM9_IRQHandler
                0x080005b8                DMA2_Stream3_IRQHandler
                0x080005b8                USART6_IRQHandler
                0x080005b8                DMA2_Stream0_IRQHandler
                0x080005b8                TIM4_IRQHandler
                0x080005b8                I2C1_EV_IRQHandler
                0x080005b8                DMA1_Stream6_IRQHandler
                0x080005b8                DMA1_Stream1_IRQHandler
                0x080005b8                TIM3_IRQHandler
                0x080005b8                RCC_IRQHandler
                0x080005b8                Default_Handler
                0x080005b8                EXTI15_10_IRQHandler
                0x080005b8                ADC_IRQHandler
                0x080005b8                DMA1_Stream7_IRQHandler
                0x080005b8                TIM5_IRQHandler
                0x080005b8                DMA2_Stream7_IRQHandler
                0x080005b8                I2C3_EV_IRQHandler
                0x080005b8                EXTI9_5_IRQHandler
                0x080005b8                RTC_WKUP_IRQHandler
                0x080005b8                SPI2_IRQHandler
                0x080005b8                MemManage_Handler
                0x080005b8                DMA1_Stream0_IRQHandler
                0x080005b8                SVC_Handler
                0x080005b8                EXTI4_IRQHandler
                0x080005b8                WWDG_IRQHandler
                0x080005b8                TIM2_IRQHandler
                0x080005b8                OTG_FS_WKUP_IRQHandler
                0x080005b8                TIM1_TRG_COM_TIM11_IRQHandler
                0x080005b8                EXTI1_IRQHandler
                0x080005b8                USART2_IRQHandler
                0x080005b8                I2C2_ER_IRQHandler
                0x080005b8                DMA2_Stream1_IRQHandler
                0x080005b8                FLASH_IRQHandler
                0x080005b8                DMA2_Stream4_IRQHandler
                0x080005b8                BusFault_Handler
                0x080005b8                OTG_FS_IRQHandler
                0x080005b8                SPI3_IRQHandler
                0x080005b8                DMA1_Stream4_IRQHandler
                0x080005b8                I2C1_ER_IRQHandler
                0x080005b8                DMA2_Stream6_IRQHandler
                0x080005b8                DMA1_Stream3_IRQHandler
 *fill*         0x080005ba        0x2 
 .text.__libc_init_array
                0x080005bc       0x48 d:/softwares/gcc-arm-none-eabi-10.3-2021.10-win32/gcc-arm-none-eabi-10.3-2021.10/bin/../lib/gcc/arm-none-eabi/10.3.1/../../../../arm-none-eabi/lib/thumb/v7e-m+fp/hard\libc_nano.a(lib_a-init.o)
                0x080005bc                __libc_init_array
 *(.glue_7)
 .glue_7        0x08000604        0x0 linker stubs
 *(.glue_7t)
 .glue_7t       0x08000604        0x0 linker stubs
 *(.eh_frame)
 .eh_frame      0x08000604        0x0 d:/softwares/gcc-arm-none-eabi-10.3-2021.10-win32/gcc-arm-none-eabi-10.3-2021.10/bin/../lib/gcc/arm-none-eabi/10.3.1/thumb/v7e-m+fp/hard/crtbegin.o
 *(.init)
 .init          0x08000604        0x4 d:/softwares/gcc-arm-none-eabi-10.3-2021.10-win32/gcc-arm-none-eabi-10.3-2021.10/bin/../lib/gcc/arm-none-eabi/10.3.1/thumb/v7e-m+fp/hard/crti.o
                0x08000604                _init
 .init          0x08000608        0x8 d:/softwares/gcc-arm-none-eabi-10.3-2021.10-win32/gcc-arm-none-eabi-10.3-2021.10/bin/../lib/gcc/arm-none-eabi/10.3.1/thumb/v7e-m+fp/hard/crtn.o
 *(.fini)
 .fini          0x08000610        0x4 d:/softwares/gcc-arm-none-eabi-10.3-2021.10-win32/gcc-arm-none-eabi-10.3-2021.10/bin/../lib/gcc/arm-none-eabi/10.3.1/thumb/v7e-m+fp/hard/crti.o
                0x08000610                _fini
 .fini          0x08000614        0x8 d:/softwares/gcc-arm-none-eabi-10.3-2021.10-win32/gcc-arm-none-eabi-10.3-2021.10/bin/../lib/gcc/arm-none-eabi/10.3.1/thumb/v7e-m+fp/hard/crtn.o
                0x0800061c                . = ALIGN (0x4)
                0x0800061c                _etext = .

.vfp11_veneer   0x0800061c        0x0
 .vfp11_veneer  0x0800061c        0x0 linker stubs

.v4_bx          0x0800061c        0x0
 .v4_bx         0x0800061c        0x0 linker stubs

.iplt           0x0800061c        0x0
 .iplt          0x0800061c        0x0 d:/softwares/gcc-arm-none-eabi-10.3-2021.10-win32/gcc-arm-none-eabi-10.3-2021.10/bin/../lib/gcc/arm-none-eabi/10.3.1/thumb/v7e-m+fp/hard/crtbegin.o

.rodata         0x0800061c       0x18
                0x0800061c                . = ALIGN (0x4)
 *(.rodata)
 *(.rodata*)
 .rodata.message_buffer.0
                0x0800061c       0x15 build/obj/Core/Src/main.o
                0x08000634                . = ALIGN (0x4)
 *fill*         0x08000631        0x3 

.rel.dyn        0x08000634        0x0
 .rel.iplt      0x08000634        0x0 d:/softwares/gcc-arm-none-eabi-10.3-2021.10-win32/gcc-arm-none-eabi-10.3-2021.10/bin/../lib/gcc/arm-none-eabi/10.3.1/thumb/v7e-m+fp/hard/crtbegin.o

.ARM.extab      0x08000634        0x0
                0x08000634                . = ALIGN (0x4)
 *(.ARM.extab* .gnu.linkonce.armextab.*)
                0x08000634                . = ALIGN (0x4)

.ARM            0x08000634        0x0
                0x08000634                . = ALIGN (0x4)
                0x08000634                __exidx_start = .
 *(.ARM.exidx*)
                0x08000634                __exidx_end = .
                0x08000634                . = ALIGN (0x4)

.preinit_array  0x08000634        0x0
                0x08000634                . = ALIGN (0x4)
                0x08000634                PROVIDE (__preinit_array_start = .)
 *(.preinit_array*)
                0x08000634                PROVIDE (__preinit_array_end = .)
                0x08000634                . = ALIGN (0x4)

.init_array     0x08000634        0x4
                0x08000634                . = ALIGN (0x4)
                0x08000634                PROVIDE (__init_array_start = .)
 *(SORT_BY_NAME(.init_array.*))
 *(.init_array*)
 .init_array    0x08000634        0x4 d:/softwares/gcc-arm-none-eabi-10.3-2021.10-win32/gcc-arm-none-eabi-10.3-2021.10/bin/../lib/gcc/arm-none-eabi/10.3.1/thumb/v7e-m+fp/hard/crtbegin.o
                0x08000638                PROVIDE (__init_array_end = .)
                0x08000638                . = ALIGN (0x4)

.fini_array     0x08000638        0x4
                0x08000638                . = ALIGN (0x4)
                [!provide]                PROVIDE (__fini_array_start = .)
 *(SORT_BY_NAME(.fini_array.*))
 *(.fini_array*)
 .fini_array    0x08000638        0x4 d:/softwares/gcc-arm-none-eabi-10.3-2021.10-win32/gcc-arm-none-eabi-10.3-2021.10/bin/../lib/gcc/arm-none-eabi/10.3.1/thumb/v7e-m+fp/hard/crtbegin.o
                [!provide]                PROVIDE (__fini_array_end = .)
                0x0800063c                . = ALIGN (0x4)
                0x0800063c                _sidata = LOADADDR (.data)

.data           0x20000000        0x4 load address 0x0800063c
                0x20000000                . = ALIGN (0x4)
                0x20000000                _sdata = .
 *(.data)
 *(.data*)
 .data.SystemCoreClock
                0x20000000        0x4 build/obj/Core/Src/system_stm32f4xx.o
                0x20000000                SystemCoreClock
 *(.RamFunc)
 *(.RamFunc*)
                0x20000004                . = ALIGN (0x4)
                0x20000004                _edata = .

.igot.plt       0x20000004        0x0 load address 0x08000640
 .igot.plt      0x20000004        0x0 d:/softwares/gcc-arm-none-eabi-10.3-2021.10-win32/gcc-arm-none-eabi-10.3-2021.10/bin/../lib/gcc/arm-none-eabi/10.3.1/thumb/v7e-m+fp/hard/crtbegin.o
                0x20000004                . = ALIGN (0x4)

.bss            0x20000004       0xa0 load address 0x08000640
                0x20000004                _sbss = .
                0x20000004                __bss_start__ = _sbss
 *(.bss)
 .bss           0x20000004       0x1c d:/softwares/gcc-arm-none-eabi-10.3-2021.10-win32/gcc-arm-none-eabi-10.3-2021.10/bin/../lib/gcc/arm-none-eabi/10.3.1/thumb/v7e-m+fp/hard/crtbegin.o
 *(.bss*)
 .bss.uart1_tx_buffer
                0x20000020       0x80 build/obj/Core/Src/uart.o
 .bss.uart1_tx_head
                0x200000a0        0x2 build/obj/Core/Src/uart.o
 .bss.uart1_tx_tail
                0x200000a2        0x2 build/obj/Core/Src/uart.o
 *(COMMON)
                0x200000a4                . = ALIGN (0x4)
                0x200000a4                _ebss = .
                0x200000a4                __bss_end__ = _ebss

._user_heap_stack
                0x200000a4      0x604 load address 0x08000640
                0x200000a8                . = ALIGN (0x8)
 *fill*         0x200000a4        0x4 
                [!provide]                PROVIDE (end = .)
                [!provide]                PROVIDE (_end = .)
                0x200002a8                . = (. + _Min_Heap_Size)
 *fill*         0x200000a8      0x200 
                0x200006a8                . = (. + _Min_Stack_Size)
 *fill*         0x200002a8      0x400 
                0x200006a8                . = ALIGN (0x8)

/DISCARD/
 libc.a(*)
 libm.a(*)
 libgcc.a(*)
OUTPUT(bin/blink_pb5.elf elf32-littlearm)
LOAD linker stubs
LOAD d:/softwares/gcc-arm-none-eabi-10.3-2021.10-win32/gcc-arm-none-eabi-10.3-2021.10/bin/../lib/gcc/arm-none-eabi/10.3.1/../../../../arm-none-eabi/lib/thumb/v7e-m+fp/hard\libc.a
LOAD d:/softwares/gcc-arm-none-eabi-10.3-2021.10-win32/gcc-arm-none-eabi-10.3-2021.10/bin/../lib/gcc/arm-none-eabi/10.3.1/../../../../arm-none-eabi/lib/thumb/v7e-m+fp/hard\libm.a
LOAD d:/softwares/gcc-arm-none-eabi-10.3-2021.10-win32/gcc-arm-none-eabi-10.3-2021.10/bin/../lib/gcc/arm-none-eabi/10.3.1/thumb/v7e-m+fp/hard\libgcc.a

.ARM.attributes
                0x00000000       0x30
 .ARM.attributes
                0x00000000       0x1e d:/softwares/gcc-arm-none-eabi-10.3-2021.10-win32/gcc-arm-none-eabi-10.3-2021.10/bin/../lib/gcc/arm-none-eabi/10.3.1/thumb/v7e-m+fp/hard/crti.o
 .ARM.attributes
                0x0000001e       0x34 d:/softwares/gcc-arm-none-eabi-10.3-2021.10-win32/gcc-arm-none-eabi-10.3-2021.10/bin/../lib/gcc/arm-none-eabi/10.3.1/thumb/v7e-m+fp/hard/crtbegin.o
 .ARM.attributes
                0x00000052       0x34 build/obj/Core/Src/main.o
 .ARM.attributes
                0x00000086       0x34 build/obj/Core/Src/gpio.o
 .ARM.attributes
                0x000000ba       0x34 build/obj/Core/Src/uart.o
 .ARM.attributes
                0x000000ee       0x34 build/obj/Core/Src/system_stm32f4xx.o
 .ARM.attributes
                0x00000122       0x21 build/obj/Core/Src/startup_stm32f401xc.o
 .ARM.attributes
                0x00000143       0x34 d:/softwares/gcc-arm-none-eabi-10.3-2021.10-win32/gcc-arm-none-eabi-10.3-2021.10/bin/../lib/gcc/arm-none-eabi/10.3.1/../../../../arm-none-eabi/lib/thumb/v7e-m+fp/hard\libc_nano.a(lib_a-init.o)
 .ARM.attributes
                0x00000177       0x1e d:/softwares/gcc-arm-none-eabi-10.3-2021.10-win32/gcc-arm-none-eabi-10.3-2021.10/bin/../lib/gcc/arm-none-eabi/10.3.1/thumb/v7e-m+fp/hard/crtn.o

.comment        0x00000000       0x49
 .comment       0x00000000       0x49 build/obj/Core/Src/main.o
                                 0x4a (size before relaxing)
 .comment       0x00000049       0x4a build/obj/Core/Src/gpio.o
 .comment       0x00000049       0x4a build/obj/Core/Src/uart.o
 .comment       0x00000049       0x4a build/obj/Core/Src/system_stm32f4xx.o

.debug_info     0x00000000     0x1c08
 .debug_info    0x00000000      0x401 build/obj/Core/Src/main.o
 .debug_info    0x00000401      0x443 build/obj/Core/Src/gpio.o
 .debug_info    0x00000844      0xe49 build/obj/Core/Src/uart.o
 .debug_info    0x0000168d      0x559 build/obj/Core/Src/system_stm32f4xx.o
 .debug_info    0x00001be6       0x22 build/obj/Core/Src/startup_stm32f401xc.o

.debug_abbrev   0x00000000      0x7aa
 .debug_abbrev  0x00000000      0x1a7 build/obj/Core/Src/main.o
 .debug_abbrev  0x000001a7      0x114 build/obj/Core/Src/gpio.o
 .debug_abbrev  0x000002bb      0x3b2 build/obj/Core/Src/uart.o
 .debug_abbrev  0x0000066d      0x12b build/obj/Core/Src/system_stm32f4xx.o
 .debug_abbrev  0x00000798       0x12 build/obj/Core/Src/startup_stm32f401xc.o

.debug_aranges  0x00000000      0x118
 .debug_aranges
                0x00000000       0x28 build/obj/Core/Src/main.o
 .debug_aranges
                0x00000028       0x38 build/obj/Core/Src/gpio.o
 .debug_aranges
                0x00000060       0x68 build/obj/Core/Src/uart.o
 .debug_aranges
                0x000000c8       0x28 build/obj/Core/Src/system_stm32f4xx.o
 .debug_aranges
                0x000000f0       0x28 build/obj/Core/Src/startup_stm32f401xc.o

.debug_ranges   0x00000000      0x200
 .debug_ranges  0x00000000       0x18 build/obj/Core/Src/main.o
 .debug_ranges  0x00000018       0x28 build/obj/Core/Src/gpio.o
 .debug_ranges  0x00000040      0x188 build/obj/Core/Src/uart.o
 .debug_ranges  0x000001c8       0x18 build/obj/Core/Src/system_stm32f4xx.o
 .debug_ranges  0x000001e0       0x20 build/obj/Core/Src/startup_stm32f401xc.o

.debug_macro    0x00000000     0xdfcf
 .debug_macro   0x00000000      0x117 build/obj/Core/Src/main.o
 .debug_macro   0x00000117      0xa6c build/obj/Core/Src/main.o
 .debug_macro   0x00000b83       0x22 build/obj/Core/Src/main.o
 .debug_macro   0x00000ba5       0x8e build/obj/Core/Src/main.o
 .debug_macro   0x00000c33       0x51 build/obj/Core/Src/main.o
 .debug_macro   0x00000c84      0x103 build/obj/Core/Src/main.o
 .debug_macro   0x00000d87       0x6a build/obj/Core/Src/main.o
 .debug_macro   0x00000df1      0x1df build/obj/Core/Src/main.o
 .debug_macro   0x00000fd0       0x2e build/obj/Core/Src/main.o
 .debug_macro   0x00000ffe       0x28 build/obj/Core/Src/main.o
 .debug_macro   0x00001026       0x1c build/obj/Core/Src/main.o
 .debug_macro   0x00001042       0x22 build/obj/Core/Src/main.o
 .debug_macro   0x00001064       0xfb build/obj/Core/Src/main.o
 .debug_macro   0x0000115f     0x1011 build/obj/Core/Src/main.o
 .debug_macro   0x00002170      0x11f build/obj/Core/Src/main.o
 .debug_macro   0x0000228f     0xb881 build/obj/Core/Src/main.o
 .debug_macro   0x0000db10       0x6d build/obj/Core/Src/main.o
 .debug_macro   0x0000db7d       0x22 build/obj/Core/Src/main.o
 .debug_macro   0x0000db9f      0x174 build/obj/Core/Src/main.o
 .debug_macro   0x0000dd13       0x16 build/obj/Core/Src/main.o
 .debug_macro   0x0000dd29       0xe1 build/obj/Core/Src/gpio.o
 .debug_macro   0x0000de0a       0xeb build/obj/Core/Src/uart.o
 .debug_macro   0x0000def5       0xda build/obj/Core/Src/system_stm32f4xx.o

.debug_line     0x00000000     0x153b
 .debug_line    0x00000000      0x41b build/obj/Core/Src/main.o
 .debug_line    0x0000041b      0x47b build/obj/Core/Src/gpio.o
 .debug_line    0x00000896      0x85f build/obj/Core/Src/uart.o
 .debug_line    0x000010f5      0x3c7 build/obj/Core/Src/system_stm32f4xx.o
 .debug_line    0x000014bc       0x7f build/obj/Core/Src/startup_stm32f401xc.o

.debug_str      0x00000000    0x50215
 .debug_str     0x00000000    0x4fa15 build/obj/Core/Src/main.o
                              0x4fc01 (size before relaxing)
 .debug_str     0x0004fa15      0x131 build/obj/Core/Src/gpio.o
                              0x4f847 (size before relaxing)
 .debug_str     0x0004fb46      0x59c build/obj/Core/Src/uart.o
                              0x501fa (size before relaxing)
 .debug_str     0x000500e2      0x106 build/obj/Core/Src/system_stm32f4xx.o
                              0x4f87c (size before relaxing)
 .debug_str     0x000501e8       0x2d build/obj/Core/Src/startup_stm32f401xc.o
                                 0x41 (size before relaxing)

.debug_frame    0x00000000      0x1e8
 .debug_frame   0x00000000       0x40 build/obj/Core/Src/main.o
 .debug_frame   0x00000040       0x58 build/obj/Core/Src/gpio.o
 .debug_frame   0x00000098       0xf4 build/obj/Core/Src/uart.o
 .debug_frame   0x0000018c       0x30 build/obj/Core/Src/system_stm32f4xx.o
 .debug_frame   0x000001bc       0x2c d:/softwares/gcc-arm-none-eabi-10.3-2021.10-win32/gcc-arm-none-eabi-10.3-2021.10/bin/../lib/gcc/arm-none-eabi/10.3.1/../../../../arm-none-eabi/lib/thumb/v7e-m+fp/hard\libc_nano.a(lib_a-init.o)

.debug_loc      0x00000000      0x5e4
 .debug_loc     0x00000000       0xbb build/obj/Core/Src/gpio.o
 .debug_loc     0x000000bb      0x497 build/obj/Core/Src/uart.o
 .debug_loc     0x00000552       0x92 build/obj/Core/Src/system_stm32f4xx.o
